---
source: tui/src/bottom_pane/chat_composer.rs
expression: terminal.backend()
---
"                                                            "
"› /con                                                      "
"                                                            "
"                                                            "
"  /context  save the current context or restore a previous  "
"            session                                         "
