---
source: tui/src/bottom_pane/chat_composer.rs
expression: terminal.backend()
---
"                                                            "
"› /pro                                                      "
"                                                            "
"                                                            "
"  /providers  manage model providers and launch provider    "
"              setup flows                                   "
