---
source: tui/src/chatwidget/tests/popups_and_settings.rs
expression: popup
---
Create provider
> Display name       [OpenRouter Custom]
  Base URL           [https://openrouter.ai/api/v1]
  API key            [sk-...]
  Env key            [OPENROUTER_API_KEY]
  Wire API           [responses]
  Auth style         [bearer]
  Save provider
tab move | enter next/change | ctrl+s save | esc cancel
